total 180
drwxr-xr-x  0 root      root        512 May 22 09:35 .
drwxr-xr-x  0 root      root        512 May 22 09:35 ..
drwxr-xr-x  0 root      root        512 May 22 09:59 bin
drwxr-xr-x  0 root      root        512 Mar 30 17:59 boot
drwxrwx---  0 root      root        512 Jan  1  1970 cache
drwxrwx--x  0 root      root        512 Jan  1  1970 data
drwxr-xr-x  0 root      root        512 May 29 14:44 dev
drwxr-xr-x  0 studentol studentol   512 May 22 09:56 dfcxact
drwxr-xr-x  0 root      root        512 May 25 14:11 etc
drwxr-xr-x  0 root      root        512 May 22 00:22 home
-rwxr-xr-x  1 root      root      43048 Jan  1  1970 init
drwxr-xr-x  0 root      root        512 May 22 09:30 lib
drwxr-xr-x  0 root      root        512 Mar 30 17:56 lib64
drwxr-xr-x  0 root      root        512 Mar 30 17:55 media
drwxr-xr-x  0 root      root        512 May 22 00:10 mnt
drwxr-xr-x  0 root      root        512 Mar 30 17:55 opt
dr-xr-xr-x 17 root      root          0 May 29 14:44 proc
drwx------  0 root      root        512 May 22 09:29 root
drwxr-xr-x  0 root      root        512 May 29 14:44 run
drwxr-xr-x  0 root      root        512 May 24 10:00 sbin
drwxr-xr-x  0 root      root        512 Feb 24 21:24 snap
drwxr-xr-x  0 root      root        512 Mar 30 17:55 srv
dr-xr-xr-x 12 root      root          0 May 29 14:44 sys
drwxrwxrwt  0 root      root        512 May 31 14:26 tmp
drwxr-xr-x  0 root      root        512 Mar 30 17:55 usr
drwxr-xr-x  0 root      root        512 Mar 30 17:58 var
